Creation of the test tests/gen-example.001.in
Creation of the test tests/gen-example.002.in
Checking test file tests/gen-example.001.in
Checking test file tests/gen-example.002.in
