Creation of the test tests/gen-example.001.in
Creation of the test tests/gen-example.002.in
Creation of the test tests/gen-random.003.in
Creation of the test tests/gen-random.004.in
Creation of the test tests/gen-random.005.in
Creation of the test tests/gen-random.006.in
Creation of the test tests/gen-random.007.in
Creation of the test tests/gen-random.008.in
Creation of the test tests/gen-random.009.in
Creation of the test tests/gen-random.010.in
Creation of the test tests/gen-random.011.in
Creation of the test tests/gen-random.012.in
Checking test file tests/gen-example.001.in
Checking test file tests/gen-example.002.in
Checking test file tests/gen-random.003.in
Checking test file tests/gen-random.004.in
Checking test file tests/gen-random.005.in
Checking test file tests/gen-random.006.in
Checking test file tests/gen-random.007.in
Checking test file tests/gen-random.008.in
Checking test file tests/gen-random.009.in
Checking test file tests/gen-random.010.in
Checking test file tests/gen-random.011.in
Checking test file tests/gen-random.012.in
Generation of the .out for tests/gen-example.001.in
Generation of the .out for tests/gen-example.002.in
Generation of the .out for tests/gen-random.003.in
Generation of the .out for tests/gen-random.004.in
Generation of the .out for tests/gen-random.005.in
Generation of the .out for tests/gen-random.006.in
Generation of the .out for tests/gen-random.007.in
Generation of the .out for tests/gen-random.008.in
Generation of the .out for tests/gen-random.009.in
Generation of the .out for tests/gen-random.010.in
Generation of the .out for tests/gen-random.011.in
Generation of the .out for tests/gen-random.012.in
